{
    "distances": [
        24,
        85,
        122,
        163,
        105
    ],
    "options": {
        "earthRadius": "3958.761316",
        "optimization": "none",
        "title": "My Trip 1"
    },
    "places": [
        {
            "id": "dnvr",
            "latitude": "39.7392",
            "longitude": "-104.9903",
            "name": "Denver"
        },
        {
            "id": "bldr",
            "latitude": "40.01499",
            "longitude": "-105.27055",
            "name": "Boulder"
        },
        {
            "id": "cosp",
            "latitude": "38.8339",
            "longitude": "-104.8214",
            "name": "Colorado Springs"
        },
        {
            "id": "foco",
            "latitude": "40.585258",
            "longitude": "-105.084419",
            "name": "Fort Collins"
        },
        {
            "id": "pueb",
            "latitude": "38.2544",
            "longitude": "-104.6091",
            "name": "Pueblo"
        }
    ],
    "requestType": "itinerary",
    "requestVersion": 4
}
