{
    "distances": [
        60,
        88,
        85,
        12,
        94,
        88,
        86,
        18,
        12,
        13,
        39,
        86,
        62,
        42,
        6,
        165
    ],
    "options": {
        "earthRadius": "3959",
        "optimization": "none",
        "title": "Colorado Ski Resorts"
    },
    "places": [
        {
            "id": "1",
            "latitude": "37.28333",
            "longitude": "-106.4758333",
            "name": "Wolf Creek"
        },
        {
            "id": "2",
            "latitude": "37.56183",
            "longitude": "-107.5076667",
            "name": "Telluride"
        },
        {
            "id": "3",
            "latitude": "38.308",
            "longitude": "-106.1995",
            "name": "Monarch"
        },
        {
            "id": "4",
            "latitude": "37.53017",
            "longitude": "-107.4003333",
            "name": "Silverton"
        },
        {
            "id": "5",
            "latitude": "37.37817",
            "longitude": "-107.4886667",
            "name": "Purgatory"
        },
        {
            "id": "6",
            "latitude": "38.53933",
            "longitude": "-106.5788333",
            "name": "Crested Butte"
        },
        {
            "id": "7",
            "latitude": "39.039",
            "longitude": "-108.0896667",
            "name": "Powderhorn"
        },
        {
            "id": "8",
            "latitude": "39.11517",
            "longitude": "-106.4976667",
            "name": "Aspen mountain"
        },
        {
            "id": "9",
            "latitude": "39.21633",
            "longitude": "-106.1815",
            "name": "Ski Cooper"
        },
        {
            "id": "10",
            "latitude": "39.384",
            "longitude": "-106.2245",
            "name": "Vail"
        },
        {
            "id": "11",
            "latitude": "39.28883",
            "longitude": "-106.023",
            "name": "Breckenridge"
        },
        {
            "id": "12",
            "latitude": "39.4105",
            "longitude": "-105.3125",
            "name": "Echo Mountain"
        },
        {
            "id": "13",
            "latitude": "40.27233",
            "longitude": "-106.4826667",
            "name": "Steamboat"
        },
        {
            "id": "14",
            "latitude": "40.1685",
            "longitude": "-105.3211667",
            "name": "Estes Valley"
        },
        {
            "id": "15",
            "latitude": "39.563",
            "longitude": "-105.3495",
            "name": "Eldora Mountain"
        },
        {
            "id": "16",
            "latitude": "39.53233",
            "longitude": "-105.4563333",
            "name": "Winter Park"
        }
    ],
    "requestType": "itinerary",
    "requestVersion": 4
}
